
     Generating static pages (11/45) 
> node.exe : TypeError: Cannot read 
  properties of undefined (reading 'name')
  At line:1 char:1
  + & "C:\Program Files\nodejs/node.exe" 
  "C:\Program Files\nodejs/node_mo ...
  + 
~~~~~~~~~~~~~~~~~~~~~~~~~~~~~~~~~~~~~~~~~
  ~~~~~~~~~~~~~~~~~~~~~~~~~~~~
      + CategoryInfo          : 
NotSpecified 
>    : (TypeError: Cann...reading 
'name'):S  
    tring) [], RemoteException
      + FullyQualifiedErrorId : 
NativeComman 
     dError
   
      at eN 
(C:\Users\Glooms\Downloads\11GAWE
  \.next\server\chunks\8472.js:1:19858)
      at nj 
(C:\Users\Glooms\Downloads\11GAWE
  
\node_modules\next\dist\compiled\next-serve
  r\app-page.runtime.prod.js:12:46252)
      at nM 
(C:\Users\Glooms\Downloads\11GAWE
  
\node_modules\next\dist\compiled\next-serve
  r\app-page.runtime.prod.js:12:47572)
  
> TypeError: Cannot read properties of 
  undefined (reading 'name')
      at eN 
(C:\Users\Glooms\Downloads\11GAWE
  \.next\server\chunks\8472.js:1:19858)
      at nj 
(C:\Users\Glooms\Downloads\11GAWE
  
\node_modules\next\dist\compiled\next-serve
  r\app-page.runtime.prod.js:12:46252)
      at nM 
(C:\Users\Glooms\Downloads\11GAWE
  
\node_modules\next\dist\compiled\next-serve
  r\app-page.runtime.prod.js:12:47572)
      at nL 
(C:\Users\Glooms\Downloads\11GAWE
  
\node_modules\next\dist\compiled\next-serve
  r\app-page.runtime.prod.js:12:64547)
  r\app-page.runtime.prod.js:12:64547)
> TypeError: Cannot read properties of 
  undefined (reading 'name')
      at eN 
(C:\Users\Glooms\Downloads\11GAWE
  \.next\server\chunks\8472.js:1:19858)
      at nj 
(C:\Users\Glooms\Downloads\11GAWE
  
\node_modules\next\dist\compiled\next-serve
  r\app-page.runtime.prod.js:12:46252)
      at nM 
(C:\Users\Glooms\Downloads\11GAWE
  
\node_modules\next\dist\compiled\next-serve
  r\app-page.runtime.prod.js:12:47572)
      at nL 
(C:\Users\Glooms\Downloads\11GAWE
  
\node_modules\next\dist\compiled\next-serve
  r\app-page.runtime.prod.js:12:64547)
  
> TypeError: Cannot read properties of 
  undefined (reading 'name')
      at eN 
(C:\Users\Glooms\Downloads\11GAWE
  \.next\server\chunks\8472.js:1:19858)
      at nj 
(C:\Users\Glooms\Downloads\11GAWE
  
\node_modules\next\dist\compiled\next-serve
  r\app-page.runtime.prod.js:12:46252)
      at nM 
(C:\Users\Glooms\Downloads\11GAWE
  
\node_modules\next\dist\compiled\next-serve
  r\app-page.runtime.prod.js:12:47572)
      at nL 
(C:\Users\Glooms\Downloads\11GAWE
  
\node_modules\next\dist\compiled\next-serve
  r\app-page.runtime.prod.js:12:64547)
  r\app-page.runtime.prod.js:12:64547)
> TypeError: Cannot read properties of 
  undefined (reading 'name')
      at eN 
(C:\Users\Glooms\Downloads\11GAWE
  \.next\server\chunks\8472.js:1:19858)
      at nj 
(C:\Users\Glooms\Downloads\11GAWE
  
\node_modules\next\dist\compiled\next-serve
  r\app-page.runtime.prod.js:12:46252)
      at nM 
(C:\Users\Glooms\Downloads\11GAWE
  
\node_modules\next\dist\compiled\next-serve
  r\app-page.runtime.prod.js:12:47572)
      at nL 
(C:\Users\Glooms\Downloads\11GAWE
  
\node_modules\next\dist\compiled\next-serve
  r\app-page.runtime.prod.js:12:64547)
  
> TypeError: Cannot read properties of 
  undefined (reading 'name')
      at eN 
(C:\Users\Glooms\Downloads\11GAWE
  \.next\server\chunks\8472.js:1:19858)
      at nj 
(C:\Users\Glooms\Downloads\11GAWE
  
\node_modules\next\dist\compiled\next-serve
  r\app-page.runtime.prod.js:12:46252)
      at nM 
(C:\Users\Glooms\Downloads\11GAWE
  
\node_modules\next\dist\compiled\next-serve
  r\app-page.runtime.prod.js:12:47572)
      at nL 
(C:\Users\Glooms\Downloads\11GAWE
  
\node_modules\next\dist\compiled\next-serve
  r\app-page.runtime.prod.js:12:64547)
  r\app-page.runtime.prod.js:12:64547)
> TypeError: Cannot read properties of 
  undefined (reading 'name')
      at eN 
(C:\Users\Glooms\Downloads\11GAWE
  \.next\server\chunks\8472.js:1:19858)
      at nj 
(C:\Users\Glooms\Downloads\11GAWE
  
\node_modules\next\dist\compiled\next-serve
  r\app-page.runtime.prod.js:12:46252)
      at nM 
(C:\Users\Glooms\Downloads\11GAWE
  
\node_modules\next\dist\compiled\next-serve
  r\app-page.runtime.prod.js:12:47572)
      at nL 
(C:\Users\Glooms\Downloads\11GAWE
  
\node_modules\next\dist\compiled\next-serve
  r\app-page.runtime.prod.js:12:64547)
  
> TypeError: Cannot read properties of 
  undefined (reading 'name')
      at eN 
(C:\Users\Glooms\Downloads\11GAWE
  \.next\server\chunks\8472.js:1:19858)
      at nj 
(C:\Users\Glooms\Downloads\11GAWE
  
\node_modules\next\dist\compiled\next-serve
  r\app-page.runtime.prod.js:12:46252)
      at nM 
(C:\Users\Glooms\Downloads\11GAWE
  
\node_modules\next\dist\compiled\next-serve
  r\app-page.runtime.prod.js:12:47572)
      at nL 
(C:\Users\Glooms\Downloads\11GAWE
  
\node_modules\next\dist\compiled\next-serve
  r\app-page.runtime.prod.js:12:64547)
  r\app-page.runtime.prod.js:12:64547)
> TypeError: Cannot read properties of 
  undefined (reading 'name')
      at eN 
(C:\Users\Glooms\Downloads\11GAWE
  \.next\server\chunks\8472.js:1:19858)
      at nj 
(C:\Users\Glooms\Downloads\11GAWE
  
\node_modules\next\dist\compiled\next-serve
  r\app-page.runtime.prod.js:12:46252)
      at nM 
(C:\Users\Glooms\Downloads\11GAWE
  
\node_modules\next\dist\compiled\next-serve
  r\app-page.runtime.prod.js:12:47572)
      at nL 
(C:\Users\Glooms\Downloads\11GAWE
  
\node_modules\next\dist\compiled\next-serve
  r\app-page.runtime.prod.js:12:64547)
  
> TypeError: Cannot read properties of 
  undefined (reading 'name')
      at eN 
(C:\Users\Glooms\Downloads\11GAWE
  \.next\server\chunks\8472.js:1:19858)
      at nj 
(C:\Users\Glooms\Downloads\11GAWE
  
\node_modules\next\dist\compiled\next-serve
  r\app-page.runtime.prod.js:12:46252)
      at nM 
(C:\Users\Glooms\Downloads\11GAWE
  
\node_modules\next\dist\compiled\next-serve
  r\app-page.runtime.prod.js:12:47572)
      at nL 
(C:\Users\Glooms\Downloads\11GAWE
  
\node_modules\next\dist\compiled\next-serve
  r\app-page.runtime.prod.js:12:64547)
  r\app-page.runtime.prod.js:12:64547)
> TypeError: Cannot read properties of 
  undefined (reading 'name')
      at eN 
(C:\Users\Glooms\Downloads\11GAWE
  \.next\server\chunks\8472.js:1:19858)
      at nj 
(C:\Users\Glooms\Downloads\11GAWE
  
\node_modules\next\dist\compiled\next-serve
  r\app-page.runtime.prod.js:12:46252)
      at nM 
(C:\Users\Glooms\Downloads\11GAWE
  
\node_modules\next\dist\compiled\next-serve
  r\app-page.runtime.prod.js:12:47572)
      at nL 
(C:\Users\Glooms\Downloads\11GAWE
  
\node_modules\next\dist\compiled\next-serve
  r\app-page.runtime.prod.js:12:64547)
  
> TypeError: Cannot read properties of 
  undefined (reading 'name')
      at eN 
(C:\Users\Glooms\Downloads\11GAWE
  \.next\server\chunks\8472.js:1:19858)
      at nj 
(C:\Users\Glooms\Downloads\11GAWE
  
\node_modules\next\dist\compiled\next-serve
  r\app-page.runtime.prod.js:12:46252)
      at nM 
(C:\Users\Glooms\Downloads\11GAWE
  
\node_modules\next\dist\compiled\next-serve
  r\app-page.runtime.prod.js:12:47572)
      at nL 
(C:\Users\Glooms\Downloads\11GAWE
  
\node_modules\next\dist\compiled\next-serve
  r\app-page.runtime.prod.js:12:64547)
  r\app-page.runtime.prod.js:12:64547)
> TypeError: Cannot read properties of 
  undefined (reading 'name')
      at eN 
(C:\Users\Glooms\Downloads\11GAWE
  \.next\server\chunks\8472.js:1:19858)
      at nj 
(C:\Users\Glooms\Downloads\11GAWE
  
\node_modules\next\dist\compiled\next-serve
  r\app-page.runtime.prod.js:12:46252)
      at nM 
(C:\Users\Glooms\Downloads\11GAWE
  
\node_modules\next\dist\compiled\next-serve
  r\app-page.runtime.prod.js:12:47572)
      at nL 
(C:\Users\Glooms\Downloads\11GAWE
  
\node_modules\next\dist\compiled\next-serve
  r\app-page.runtime.prod.js:12:64547)
  
> TypeError: Cannot read properties of 
  undefined (reading 'name')
      at eN 
(C:\Users\Glooms\Downloads\11GAWE
  \.next\server\chunks\8472.js:1:19858)
      at nj 
(C:\Users\Glooms\Downloads\11GAWE
  
\node_modules\next\dist\compiled\next-serve
  r\app-page.runtime.prod.js:12:46252)
      at nM 
(C:\Users\Glooms\Downloads\11GAWE
  
\node_modules\next\dist\compiled\next-serve
  r\app-page.runtime.prod.js:12:47572)
      at nL 
(C:\Users\Glooms\Downloads\11GAWE
  
\node_modules\next\dist\compiled\next-serve
  r\app-page.runtime.prod.js:12:64547)
  r\app-page.runtime.prod.js:12:64547)
> TypeError: Cannot read properties of 
  undefined (reading 'name')
      at eN 
(C:\Users\Glooms\Downloads\11GAWE
  \.next\server\chunks\8472.js:1:19858)
      at nj 
(C:\Users\Glooms\Downloads\11GAWE
  
\node_modules\next\dist\compiled\next-serve
  r\app-page.runtime.prod.js:12:46252)
      at nM 
(C:\Users\Glooms\Downloads\11GAWE
  
\node_modules\next\dist\compiled\next-serve
  r\app-page.runtime.prod.js:12:47572)
      at nL 
(C:\Users\Glooms\Downloads\11GAWE
  
\node_modules\next\dist\compiled\next-serve
  r\app-page.runtime.prod.js:12:64547)
  
> TypeError: Cannot read properties of 
  undefined (reading 'name')
      at eN 
(C:\Users\Glooms\Downloads\11GAWE
  \.next\server\chunks\8472.js:1:19858)
      at nj 
(C:\Users\Glooms\Downloads\11GAWE
  
\node_modules\next\dist\compiled\next-serve
  r\app-page.runtime.prod.js:12:46252)
      at nM 
(C:\Users\Glooms\Downloads\11GAWE
  
\node_modules\next\dist\compiled\next-serve
  r\app-page.runtime.prod.js:12:47572)
      at nL 
(C:\Users\Glooms\Downloads\11GAWE
  
\node_modules\next\dist\compiled\next-serve
  r\app-page.runtime.prod.js:12:64547)
  r\app-page.runtime.prod.js:12:64547)
> TypeError: Cannot read properties of 
  undefined (reading 'name')
      at eN 
(C:\Users\Glooms\Downloads\11GAWE
  \.next\server\chunks\8472.js:1:19858)
      at nj 
(C:\Users\Glooms\Downloads\11GAWE
  
\node_modules\next\dist\compiled\next-serve
  r\app-page.runtime.prod.js:12:46252)
      at nM 
(C:\Users\Glooms\Downloads\11GAWE
  
\node_modules\next\dist\compiled\next-serve
  r\app-page.runtime.prod.js:12:47572)
      at nL 
(C:\Users\Glooms\Downloads\11GAWE
  
\node_modules\next\dist\compiled\next-serve
  r\app-page.runtime.prod.js:12:64547)
  
> TypeError: Cannot read properties of 
  undefined (reading 'name')
      at eN 
(C:\Users\Glooms\Downloads\11GAWE
  \.next\server\chunks\8472.js:1:19858)
      at nj 
(C:\Users\Glooms\Downloads\11GAWE
  
\node_modules\next\dist\compiled\next-serve
  r\app-page.runtime.prod.js:12:46252)
      at nM 
(C:\Users\Glooms\Downloads\11GAWE
  
\node_modules\next\dist\compiled\next-serve
  r\app-page.runtime.prod.js:12:47572)
      at nL 
(C:\Users\Glooms\Downloads\11GAWE
  
\node_modules\next\dist\compiled\next-serve
  r\app-page.runtime.prod.js:12:64547)
  r\app-page.runtime.prod.js:12:64547)
> TypeError: Cannot read properties of 
  undefined (reading 'name')
      at eN 
(C:\Users\Glooms\Downloads\11GAWE
  \.next\server\chunks\8472.js:1:19858)
      at nj 
(C:\Users\Glooms\Downloads\11GAWE
  
\node_modules\next\dist\compiled\next-serve
  r\app-page.runtime.prod.js:12:46252)
      at nM 
(C:\Users\Glooms\Downloads\11GAWE
  
\node_modules\next\dist\compiled\next-serve
  r\app-page.runtime.prod.js:12:47572)
      at nL 
(C:\Users\Glooms\Downloads\11GAWE
  
\node_modules\next\dist\compiled\next-serve
  r\app-page.runtime.prod.js:12:64547)
  
> TypeError: Cannot read properties of 
  undefined (reading 'name')
      at eN 
(C:\Users\Glooms\Downloads\11GAWE
  \.next\server\chunks\8472.js:1:19858)
      at nj 
(C:\Users\Glooms\Downloads\11GAWE
  
\node_modules\next\dist\compiled\next-serve
  r\app-page.runtime.prod.js:12:46252)
      at nM 
(C:\Users\Glooms\Downloads\11GAWE
  
\node_modules\next\dist\compiled\next-serve
  r\app-page.runtime.prod.js:12:47572)
      at nL 
(C:\Users\Glooms\Downloads\11GAWE
  
\node_modules\next\dist\compiled\next-serve
  r\app-page.runtime.prod.js:12:64547)
  r\app-page.runtime.prod.js:12:64547)
> TypeError: Cannot read properties of 
  undefined (reading 'name')
      at eN 
(C:\Users\Glooms\Downloads\11GAWE
  \.next\server\chunks\8472.js:1:19858)
      at nj 
(C:\Users\Glooms\Downloads\11GAWE
  
\node_modules\next\dist\compiled\next-serve
  r\app-page.runtime.prod.js:12:46252)
      at nM 
(C:\Users\Glooms\Downloads\11GAWE
  
\node_modules\next\dist\compiled\next-serve
  r\app-page.runtime.prod.js:12:47572)
      at nL 
(C:\Users\Glooms\Downloads\11GAWE
  
\node_modules\next\dist\compiled\next-serve
  r\app-page.runtime.prod.js:12:64547)
  
> TypeError: Cannot read properties of 
  undefined (reading 'name')
      at eN 
(C:\Users\Glooms\Downloads\11GAWE
  \.next\server\chunks\8472.js:1:19858)
      at nj 
(C:\Users\Glooms\Downloads\11GAWE
  
\node_modules\next\dist\compiled\next-serve
  r\app-page.runtime.prod.js:12:46252)
      at nM 
(C:\Users\Glooms\Downloads\11GAWE
  
\node_modules\next\dist\compiled\next-serve
  r\app-page.runtime.prod.js:12:47572)
      at nL 
(C:\Users\Glooms\Downloads\11GAWE
  
\node_modules\next\dist\compiled\next-serve
  r\app-page.runtime.prod.js:12:64547)
  r\app-page.runtime.prod.js:12:64547)
> TypeError: Cannot read properties of 
  undefined (reading 'name')
      at eN 
(C:\Users\Glooms\Downloads\11GAWE
  \.next\server\chunks\8472.js:1:19858)
      at nj 
(C:\Users\Glooms\Downloads\11GAWE
  
\node_modules\next\dist\compiled\next-serve
  r\app-page.runtime.prod.js:12:46252)
      at nM 
(C:\Users\Glooms\Downloads\11GAWE
  
\node_modules\next\dist\compiled\next-serve
  r\app-page.runtime.prod.js:12:47572)
      at nL 
(C:\Users\Glooms\Downloads\11GAWE
  
\node_modules\next\dist\compiled\next-serve
  r\app-page.runtime.prod.js:12:64547)
  
> TypeError: Cannot read properties of 
  undefined (reading 'name')
      at eN 
(C:\Users\Glooms\Downloads\11GAWE
  \.next\server\chunks\8472.js:1:19858)
      at nj 
(C:\Users\Glooms\Downloads\11GAWE
  
\node_modules\next\dist\compiled\next-serve
  r\app-page.runtime.prod.js:12:46252)
      at nM 
(C:\Users\Glooms\Downloads\11GAWE
  
\node_modules\next\dist\compiled\next-serve
  r\app-page.runtime.prod.js:12:47572)
      at nL 
(C:\Users\Glooms\Downloads\11GAWE
  
\node_modules\next\dist\compiled\next-serve
  r\app-page.runtime.prod.js:12:64547)
  r\app-page.runtime.prod.js:12:64547)
> TypeError: Cannot read properties of 
  undefined (reading 'name')
      at eN 
(C:\Users\Glooms\Downloads\11GAWE
  \.next\server\chunks\8472.js:1:19858)
      at nj 
(C:\Users\Glooms\Downloads\11GAWE
  
\node_modules\next\dist\compiled\next-serve
  r\app-page.runtime.prod.js:12:46252)
      at nM 
(C:\Users\Glooms\Downloads\11GAWE
  
\node_modules\next\dist\compiled\next-serve
  r\app-page.runtime.prod.js:12:47572)
      at nL 
(C:\Users\Glooms\Downloads\11GAWE
  
\node_modules\next\dist\compiled\next-serve
  r\app-page.runtime.prod.js:12:64547)
  
> TypeError: Cannot read properties of 
  undefined (reading 'name')
      at eN 
(C:\Users\Glooms\Downloads\11GAWE
  \.next\server\chunks\8472.js:1:19858)
      at nj 
(C:\Users\Glooms\Downloads\11GAWE
  
\node_modules\next\dist\compiled\next-serve
  r\app-page.runtime.prod.js:12:46252)
      at nM 
(C:\Users\Glooms\Downloads\11GAWE
  
\node_modules\next\dist\compiled\next-serve
  r\app-page.runtime.prod.js:12:47572)
      at nL 
(C:\Users\Glooms\Downloads\11GAWE
  
\node_modules\next\dist\compiled\next-serve
  r\app-page.runtime.prod.js:12:64547)
  r\app-page.runtime.prod.js:12:64547)
> TypeError: Cannot read properties of 
  undefined (reading 'name')
      at eN 
(C:\Users\Glooms\Downloads\11GAWE
  \.next\server\chunks\8472.js:1:19858)
      at nj 
(C:\Users\Glooms\Downloads\11GAWE
  
\node_modules\next\dist\compiled\next-serve
  r\app-page.runtime.prod.js:12:46252)
      at nM 
(C:\Users\Glooms\Downloads\11GAWE
  
\node_modules\next\dist\compiled\next-serve
  r\app-page.runtime.prod.js:12:47572)
      at nL 
(C:\Users\Glooms\Downloads\11GAWE
  
\node_modules\next\dist\compiled\next-serve
  r\app-page.runtime.prod.js:12:64547)
  
> TypeError: Cannot read properties of 
  undefined (reading 'name')
      at eN 
(C:\Users\Glooms\Downloads\11GAWE
  \.next\server\chunks\8472.js:1:19858)
      at nj 
(C:\Users\Glooms\Downloads\11GAWE
  
\node_modules\next\dist\compiled\next-serve
  r\app-page.runtime.prod.js:12:46252)
      at nM 
(C:\Users\Glooms\Downloads\11GAWE
  
\node_modules\next\dist\compiled\next-serve
  r\app-page.runtime.prod.js:12:47572)
      at nL 
(C:\Users\Glooms\Downloads\11GAWE
  
\node_modules\next\dist\compiled\next-serve
  r\app-page.runtime.prod.js:12:64547)
  r\app-page.runtime.prod.js:12:64547)
> TypeError: Cannot read properties of 
  undefined (reading 'name')
      at eN 
(C:\Users\Glooms\Downloads\11GAWE
  \.next\server\chunks\8472.js:1:19858)
      at nj 
(C:\Users\Glooms\Downloads\11GAWE
  
\node_modules\next\dist\compiled\next-serve
  r\app-page.runtime.prod.js:12:46252)
      at nM 
(C:\Users\Glooms\Downloads\11GAWE
  
\node_modules\next\dist\compiled\next-serve
  r\app-page.runtime.prod.js:12:47572)
      at nL 
(C:\Users\Glooms\Downloads\11GAWE
  
\node_modules\next\dist\compiled\next-serve
  r\app-page.runtime.prod.js:12:64547)
  
> TypeError: Cannot read properties of 
  undefined (reading 'name')
      at eN 
(C:\Users\Glooms\Downloads\11GAWE
  \.next\server\chunks\8472.js:1:19858)
      at nj 
(C:\Users\Glooms\Downloads\11GAWE
  
\node_modules\next\dist\compiled\next-serve
  r\app-page.runtime.prod.js:12:46252)
      at nM 
(C:\Users\Glooms\Downloads\11GAWE
  
\node_modules\next\dist\compiled\next-serve
  r\app-page.runtime.prod.js:12:47572)
      at nL 
(C:\Users\Glooms\Downloads\11GAWE
  
\node_modules\next\dist\compiled\next-serve
  r\app-page.runtime.prod.js:12:64547)
  r\app-page.runtime.prod.js:12:64547)
> TypeError: Cannot read properties of 
  undefined (reading 'name')
      at eN 
(C:\Users\Glooms\Downloads\11GAWE
  \.next\server\chunks\8472.js:1:19858)
      at nj 
(C:\Users\Glooms\Downloads\11GAWE
  
\node_modules\next\dist\compiled\next-serve
  r\app-page.runtime.prod.js:12:46252)
      at nM 
(C:\Users\Glooms\Downloads\11GAWE
  
\node_modules\next\dist\compiled\next-serve
  r\app-page.runtime.prod.js:12:47572)
      at nL 
(C:\Users\Glooms\Downloads\11GAWE
  
\node_modules\next\dist\compiled\next-serve
  r\app-page.runtime.prod.js:12:64547)
  
> TypeError: Cannot read properties of 
  undefined (reading 'name')
      at eN 
(C:\Users\Glooms\Downloads\11GAWE
  \.next\server\chunks\8472.js:1:19858)
      at nj 
(C:\Users\Glooms\Downloads\11GAWE
  
\node_modules\next\dist\compiled\next-serve
  r\app-page.runtime.prod.js:12:46252)
      at nM 
(C:\Users\Glooms\Downloads\11GAWE
  
\node_modules\next\dist\compiled\next-serve
  r\app-page.runtime.prod.js:12:47572)
      at nL 
(C:\Users\Glooms\Downloads\11GAWE
  
\node_modules\next\dist\compiled\next-serve
  r\app-page.runtime.prod.js:12:64547)
     Generating static pages (33/45) 
> TypeError: Cannot read properties of 
  undefined (reading 'name')
      at eN 
(C:\Users\Glooms\Downloads\11GAWE
  \.next\server\chunks\8472.js:1:19858)
      at nj 
(C:\Users\Glooms\Downloads\11GAWE
  
\node_modules\next\dist\compiled\next-serve
  r\app-page.runtime.prod.js:12:46252)
      at nM 
(C:\Users\Glooms\Downloads\11GAWE
  
\node_modules\next\dist\compiled\next-serve
  r\app-page.runtime.prod.js:12:47572)
      at nL 
(C:\Users\Glooms\Downloads\11GAWE
  
\node_modules\next\dist\compiled\next-serve
  r\app-page.runtime.prod.js:12:64547)
  
> TypeError: Cannot read properties of 
  undefined (reading 'name')
      at eN 
(C:\Users\Glooms\Downloads\11GAWE
  \.next\server\chunks\8472.js:1:19858)
      at nj 
(C:\Users\Glooms\Downloads\11GAWE
  
\node_modules\next\dist\compiled\next-serve
  r\app-page.runtime.prod.js:12:46252)
      at nM 
(C:\Users\Glooms\Downloads\11GAWE
  
\node_modules\next\dist\compiled\next-serve
  r\app-page.runtime.prod.js:12:47572)
      at nL 
(C:\Users\Glooms\Downloads\11GAWE
  
\node_modules\next\dist\compiled\next-serve
  r\app-page.runtime.prod.js:12:64547)
  r\app-page.runtime.prod.js:12:64547)
> TypeError: Cannot read properties of 
  undefined (reading 'name')
      at eN 
(C:\Users\Glooms\Downloads\11GAWE
  \.next\server\chunks\8472.js:1:19858)
      at nj 
(C:\Users\Glooms\Downloads\11GAWE
  
\node_modules\next\dist\compiled\next-serve
  r\app-page.runtime.prod.js:12:46252)
      at nM 
(C:\Users\Glooms\Downloads\11GAWE
  
\node_modules\next\dist\compiled\next-serve
  r\app-page.runtime.prod.js:12:47572)
      at nL 
(C:\Users\Glooms\Downloads\11GAWE
  
\node_modules\next\dist\compiled\next-serve
  r\app-page.runtime.prod.js:12:64547)
  
> TypeError: Cannot read properties of 
  undefined (reading 'name')
      at eN 
(C:\Users\Glooms\Downloads\11GAWE
  \.next\server\chunks\8472.js:1:19858)
      at nj 
(C:\Users\Glooms\Downloads\11GAWE
  
\node_modules\next\dist\compiled\next-serve
  r\app-page.runtime.prod.js:12:46252)
      at nM 
(C:\Users\Glooms\Downloads\11GAWE
  
\node_modules\next\dist\compiled\next-serve
  r\app-page.runtime.prod.js:12:47572)
      at nL 
(C:\Users\Glooms\Downloads\11GAWE
  
\node_modules\next\dist\compiled\next-serve
  r\app-page.runtime.prod.js:12:64547)
  r\app-page.runtime.prod.js:12:64547)
> TypeError: Cannot read properties of 
  undefined (reading 'name')
      at eN 
(C:\Users\Glooms\Downloads\11GAWE
  \.next\server\chunks\8472.js:1:19858)
      at nj 
(C:\Users\Glooms\Downloads\11GAWE
  
\node_modules\next\dist\compiled\next-serve
  r\app-page.runtime.prod.js:12:46252)
      at nM 
(C:\Users\Glooms\Downloads\11GAWE
  
\node_modules\next\dist\compiled\next-serve
  r\app-page.runtime.prod.js:12:47572)
      at nL 
(C:\Users\Glooms\Downloads\11GAWE
  
\node_modules\next\dist\compiled\next-serve
  r\app-page.runtime.prod.js:12:64547)
  
> TypeError: Cannot read properties of 
  undefined (reading 'name')
      at eN 
(C:\Users\Glooms\Downloads\11GAWE
  \.next\server\chunks\8472.js:1:19858)
      at nj 
(C:\Users\Glooms\Downloads\11GAWE
  
\node_modules\next\dist\compiled\next-serve
  r\app-page.runtime.prod.js:12:46252)
      at nM 
(C:\Users\Glooms\Downloads\11GAWE
  
\node_modules\next\dist\compiled\next-serve
  r\app-page.runtime.prod.js:12:47572)
      at nL 
(C:\Users\Glooms\Downloads\11GAWE
  
\node_modules\next\dist\compiled\next-serve
  r\app-page.runtime.prod.js:12:64547)
  r\app-page.runtime.prod.js:12:64547)
> TypeError: Cannot read properties of 
  undefined (reading 'name')
      at eN 
(C:\Users\Glooms\Downloads\11GAWE
  \.next\server\chunks\8472.js:1:19858)
      at nj 
(C:\Users\Glooms\Downloads\11GAWE
  
\node_modules\next\dist\compiled\next-serve
  r\app-page.runtime.prod.js:12:46252)
      at nM 
(C:\Users\Glooms\Downloads\11GAWE
  
\node_modules\next\dist\compiled\next-serve
  r\app-page.runtime.prod.js:12:47572)
      at nL 
(C:\Users\Glooms\Downloads\11GAWE
  
\node_modules\next\dist\compiled\next-serve
  r\app-page.runtime.prod.js:12:64547)
  
> TypeError: Cannot read properties of 
  undefined (reading 'name')
      at eN 
(C:\Users\Glooms\Downloads\11GAWE
  \.next\server\chunks\8472.js:1:19858)
      at nj 
(C:\Users\Glooms\Downloads\11GAWE
  
\node_modules\next\dist\compiled\next-serve
  r\app-page.runtime.prod.js:12:46252)
      at nM 
(C:\Users\Glooms\Downloads\11GAWE
  
\node_modules\next\dist\compiled\next-serve
  r\app-page.runtime.prod.js:12:47572)
      at nL 
(C:\Users\Glooms\Downloads\11GAWE
  
\node_modules\next\dist\compiled\next-serve
  r\app-page.runtime.prod.js:12:64547)
  r\app-page.runtime.prod.js:12:64547)
> TypeError: Cannot read properties of 
  undefined (reading 'name')
      at eN 
(C:\Users\Glooms\Downloads\11GAWE
  \.next\server\chunks\8472.js:1:19858)
      at nj 
(C:\Users\Glooms\Downloads\11GAWE
  
\node_modules\next\dist\compiled\next-serve
  r\app-page.runtime.prod.js:12:46252)
      at nM 
(C:\Users\Glooms\Downloads\11GAWE
  
\node_modules\next\dist\compiled\next-serve
  r\app-page.runtime.prod.js:12:47572)
      at nL 
(C:\Users\Glooms\Downloads\11GAWE
  
\node_modules\next\dist\compiled\next-serve
  r\app-page.runtime.prod.js:12:64547)
  
> TypeError: Cannot read properties of 
  undefined (reading 'name')
      at eN 
(C:\Users\Glooms\Downloads\11GAWE
  \.next\server\chunks\8472.js:1:19858)
      at nj 
(C:\Users\Glooms\Downloads\11GAWE
  
\node_modules\next\dist\compiled\next-serve
  r\app-page.runtime.prod.js:12:46252)
      at nM 
(C:\Users\Glooms\Downloads\11GAWE
  
\node_modules\next\dist\compiled\next-serve
  r\app-page.runtime.prod.js:12:47572)
      at nL 
(C:\Users\Glooms\Downloads\11GAWE
  
\node_modules\next\dist\compiled\next-serve
  r\app-page.runtime.prod.js:12:64547)
  r\app-page.runtime.prod.js:12:64547)
> TypeError: Cannot read properties of 
  undefined (reading 'name')
      at eN 
(C:\Users\Glooms\Downloads\11GAWE
  \.next\server\chunks\8472.js:1:19858)
      at nj 
(C:\Users\Glooms\Downloads\11GAWE
  
\node_modules\next\dist\compiled\next-serve
  r\app-page.runtime.prod.js:12:46252)
      at nM 
(C:\Users\Glooms\Downloads\11GAWE
  
\node_modules\next\dist\compiled\next-serve
  r\app-page.runtime.prod.js:12:47572)
      at nL 
(C:\Users\Glooms\Downloads\11GAWE
  
\node_modules\next\dist\compiled\next-serve
  r\app-page.runtime.prod.js:12:64547)
  
> TypeError: Cannot read properties of 
  undefined (reading 'name')
      at eN 
(C:\Users\Glooms\Downloads\11GAWE
  \.next\server\chunks\8472.js:1:19858)
      at nj 
(C:\Users\Glooms\Downloads\11GAWE
  
\node_modules\next\dist\compiled\next-serve
  r\app-page.runtime.prod.js:12:46252)
      at nM 
(C:\Users\Glooms\Downloads\11GAWE
  
\node_modules\next\dist\compiled\next-serve
  r\app-page.runtime.prod.js:12:47572)
      at nL 
(C:\Users\Glooms\Downloads\11GAWE
  
\node_modules\next\dist\compiled\next-serve
  r\app-page.runtime.prod.js:12:64547)
  r\app-page.runtime.prod.js:12:64547)
> TypeError: Cannot read properties of 
  undefined (reading 'name')
      at eN 
(C:\Users\Glooms\Downloads\11GAWE
  \.next\server\chunks\8472.js:1:19858)
      at nj 
(C:\Users\Glooms\Downloads\11GAWE
  
\node_modules\next\dist\compiled\next-serve
  r\app-page.runtime.prod.js:12:46252)
      at nM 
(C:\Users\Glooms\Downloads\11GAWE
  
\node_modules\next\dist\compiled\next-serve
  r\app-page.runtime.prod.js:12:47572)
      at nL 
(C:\Users\Glooms\Downloads\11GAWE
  
\node_modules\next\dist\compiled\next-serve
  r\app-page.runtime.prod.js:12:64547)
  
> TypeError: Cannot read properties of 
  undefined (reading 'name')
      at eN 
(C:\Users\Glooms\Downloads\11GAWE
  \.next\server\chunks\8472.js:1:19858)
      at nj 
(C:\Users\Glooms\Downloads\11GAWE
  
\node_modules\next\dist\compiled\next-serve
  r\app-page.runtime.prod.js:12:46252)
      at nM 
(C:\Users\Glooms\Downloads\11GAWE
  
\node_modules\next\dist\compiled\next-serve
  r\app-page.runtime.prod.js:12:47572)
      at nL 
(C:\Users\Glooms\Downloads\11GAWE
  
\node_modules\next\dist\compiled\next-serve
  r\app-page.runtime.prod.js:12:64547)


