src/app/page.tsx(4,26): error TS2792: Cannot find module '@/components/layout/app-shell'. Did you mean to set the 'moduleResolution' option to 'nodenext', or to add aliases to the 'paths' option?
src/app/page.tsx(5,30): error TS2792: Cannot find module '@/store/auth-store'. Did you mean to set the 'moduleResolution' option to 'nodenext', or to add aliases to the 'paths' option?
src/app/page.tsx(6,30): error TS2792: Cannot find module '@/store/task-store'. Did you mean to set the 'moduleResolution' option to 'nodenext', or to add aliases to the 'paths' option?
src/app/page.tsx(7,31): error TS2792: Cannot find module '@/store/sales-store'. Did you mean to set the 'moduleResolution' option to 'nodenext', or to add aliases to the 'paths' option?
src/app/page.tsx(8,34): error TS2792: Cannot find module '@/store/purchase-store'. Did you mean to set the 'moduleResolution' option to 'nodenext', or to add aliases to the 'paths' option?
src/app/page.tsx(9,36): error TS2792: Cannot find module '@/store/commercial-store'. Did you mean to set the 'moduleResolution' option to 'nodenext', or to add aliases to the 'paths' option?
src/app/page.tsx(10,34): error TS2792: Cannot find module '@/lib/utils'. Did you mean to set the 'moduleResolution' option to 'nodenext', or to add aliases to the 'paths' option?
src/app/page.tsx(11,88): error TS2792: Cannot find module '@/lib/constants'. Did you mean to set the 'moduleResolution' option to 'nodenext', or to add aliases to the 'paths' option?
src/app/page.tsx(16,8): error TS2792: Cannot find module 'lucide-react'. Did you mean to set the 'moduleResolution' option to 'nodenext', or to add aliases to the 'paths' option?
src/app/page.tsx(20,26): error TS2792: Cannot find module '@/components/ui/skeleton'. Did you mean to set the 'moduleResolution' option to 'nodenext', or to add aliases to the 'paths' option?
src/app/page.tsx(21,28): error TS2792: Cannot find module 'next-auth/react'. Did you mean to set the 'moduleResolution' option to 'nodenext', or to add aliases to the 'paths' option?
src/app/page.tsx(26,8): error TS2792: Cannot find module 'recharts'. Did you mean to set the 'moduleResolution' option to 'nodenext', or to add aliases to the 'paths' option?
src/app/page.tsx(529,73): error TS2339: Property 'quantity_loaded' does not exist on type '{ created_at?: string; type?: string; region?: string; status?: string; buyer_country?: string; buyer?: string; vessel_name?: string; shipment_number?: string; }'.
src/app/page.tsx(530,105): error TS2339: Property 'quantity_loaded' does not exist on type '{ created_at?: string; type?: string; region?: string; status?: string; buyer_country?: string; buyer?: string; vessel_name?: string; shipment_number?: string; }'.
src/app/page.tsx(533,73): error TS2339: Property 'quantity' does not exist on type '{ created_at?: string; type?: string; region?: string; status?: string; buyer_country?: string; buyer?: string; vessel_name?: string; shipment_number?: string; }'.
src/app/page.tsx(533,95): error TS2339: Property 'price_per_mt' does not exist on type '{ created_at?: string; type?: string; region?: string; status?: string; buyer_country?: string; buyer?: string; vessel_name?: string; shipment_number?: string; }'.
src/app/page.tsx(534,105): error TS2339: Property 'quantity' does not exist on type '{ created_at?: string; type?: string; region?: string; status?: string; buyer_country?: string; buyer?: string; vessel_name?: string; shipment_number?: string; }'.
src/app/page.tsx(534,127): error TS2339: Property 'price_per_mt' does not exist on type '{ created_at?: string; type?: string; region?: string; status?: string; buyer_country?: string; buyer?: string; vessel_name?: string; shipment_number?: string; }'.
src/app/page.tsx(538,31): error TS2339: Property 'quantity' does not exist on type '{ created_at?: string; type?: string; region?: string; status?: string; buyer_country?: string; buyer?: string; vessel_name?: string; shipment_number?: string; }'.
src/app/page.tsx(539,30): error TS2339: Property 'price_per_mt' does not exist on type '{ created_at?: string; type?: string; region?: string; status?: string; buyer_country?: string; buyer?: string; vessel_name?: string; shipment_number?: string; }'.
src/app/page.tsx(545,92): error TS2339: Property 'price_per_mt' does not exist on type '{ created_at?: string; type?: string; region?: string; status?: string; buyer_country?: string; buyer?: string; vessel_name?: string; shipment_number?: string; }'.
src/app/page.tsx(548,92): error TS2339: Property 'price_per_mt' does not exist on type '{ created_at?: string; type?: string; region?: string; status?: string; buyer_country?: string; buyer?: string; vessel_name?: string; shipment_number?: string; }'.
src/app/page.tsx(566,17): error TS2339: Property 'eta' does not exist on type '{ created_at?: string; type?: string; region?: string; status?: string; buyer_country?: string; buyer?: string; vessel_name?: string; shipment_number?: string; }'.
src/app/page.tsx(567,33): error TS2339: Property 'eta' does not exist on type '{ created_at?: string; type?: string; region?: string; status?: string; buyer_country?: string; buyer?: string; vessel_name?: string; shipment_number?: string; }'.
src/app/page.tsx(572,17): error TS2339: Property 'eta' does not exist on type '{ created_at?: string; type?: string; region?: string; status?: string; buyer_country?: string; buyer?: string; vessel_name?: string; shipment_number?: string; }'.
src/app/page.tsx(573,33): error TS2339: Property 'eta' does not exist on type '{ created_at?: string; type?: string; region?: string; status?: string; buyer_country?: string; buyer?: string; vessel_name?: string; shipment_number?: string; }'.
